// Jest Snapshot v1, https://goo.gl/fbAQLP

exports[`Header.vue to match with snapshot 1`] = `
<header class="header"><i class="header__bars fas fa-bars fa-2x"></i> <img src="../assets/images/mlabs-logo.png" alt="logo" class="header__logo">
  <div class="header__user"><img src="../assets/images/Avatar.svg" alt="avatar" class="header__user-avatar">
    <p class="header__user-name">Anselmo Carlos</p>
  </div>
</header>
`;
